2026-04-27 11:32:31 | INFO | 📥 收到 /api/timeline-data 請求
2026-04-27 11:32:32 | INFO | 📊 DB 撈取筆數: 80265
2026-04-27 11:32:34 | INFO | 📥 收到 /api/timeline-data 請求
2026-04-27 11:32:34 | INFO | 📊 DB 撈取筆數: 80265
2026-04-27 11:32:35 | INFO | 📥 收到 /api/timeline-data 請求
2026-04-27 11:32:36 | INFO | 📊 DB 撈取筆數: 80265
2026-04-27 11:33:34 | INFO | 📥 收到 /api/timeline-data 請求
2026-04-27 11:33:34 | INFO | 📊 DB 撈取筆數: 80265
2026-04-27 16:09:46 | INFO | 📥 收到 /api/timeline-data 請求
2026-04-27 16:09:47 | INFO | 📊 DB 撈取筆數: 80340
2026-04-29 09:23:09 | INFO | 📥 收到 /api/timeline-data 請求
2026-04-29 09:23:09 | INFO | 📊 DB 撈取筆數: 80816
2026-04-29 09:23:16 | INFO | 📥 收到 /api/timeline-data 請求
2026-04-29 09:23:17 | INFO | 📊 DB 撈取筆數: 80816
2026-04-29 09:23:19 | INFO | 📥 收到 /api/timeline-data 請求
2026-04-29 09:23:19 | INFO | 📊 DB 撈取筆數: 80816
2026-04-29 09:23:24 | INFO | 📥 收到 /api/timeline-data 請求
2026-04-29 09:23:25 | INFO | 📊 DB 撈取筆數: 80816
2026-04-29 09:23:25 | INFO | 📥 收到 /api/timeline-data 請求
2026-04-29 09:23:26 | INFO | 📊 DB 撈取筆數: 80816
2026-04-29 09:23:28 | INFO | 📥 收到 /api/timeline-data 請求
2026-04-29 09:23:28 | INFO | 📊 DB 撈取筆數: 80816
2026-04-29 09:23:57 | INFO | 📥 收到 /api/timeline-data 請求
2026-04-29 09:23:58 | INFO | 📊 DB 撈取筆數: 80816
2026-04-29 09:24:01 | INFO | 📥 收到 /api/timeline-data 請求
2026-04-29 09:24:02 | INFO | 📥 收到 /api/timeline-data 請求
2026-04-29 09:24:02 | INFO | 📊 DB 撈取筆數: 80816
2026-04-29 09:24:03 | INFO | 📊 DB 撈取筆數: 80816
2026-04-29 09:36:30 | INFO | 📥 收到 /api/timeline-data 請求
2026-04-29 09:36:31 | INFO | 📊 DB 撈取筆數: 80820
2026-04-29 09:40:15 | INFO | 📥 收到 /api/timeline-data 請求
2026-04-29 09:40:15 | INFO | 📊 DB 撈取筆數: 80820
2026-04-29 09:40:19 | INFO | 📥 收到 /api/timeline-data 請求
2026-04-29 09:40:20 | INFO | 📊 DB 撈取筆數: 80820
2026-04-29 09:40:20 | INFO | 📥 收到 /api/timeline-data 請求
2026-04-29 09:40:21 | INFO | 📊 DB 撈取筆數: 80820
2026-05-09 10:37:02 | INFO | 📥 收到 /api/timeline-data 請求
2026-05-09 10:37:02 | INFO | 📊 DB 撈取筆數: 85040
2026-05-09 10:37:08 | INFO | 📥 收到 /api/timeline-data 請求
2026-05-09 10:37:08 | INFO | 📊 DB 撈取筆數: 85040
2026-05-09 10:37:10 | INFO | 📥 收到 /api/timeline-data 請求
2026-05-09 10:37:10 | INFO | 📊 DB 撈取筆數: 85040
2026-05-09 10:37:17 | INFO | 📥 收到 /api/timeline-data 請求
2026-05-09 10:37:18 | INFO | 📊 DB 撈取筆數: 85040
2026-05-09 10:37:21 | INFO | 📥 收到 /api/timeline-data 請求
2026-05-09 10:37:21 | INFO | 📊 DB 撈取筆數: 85040
2026-05-09 10:37:22 | INFO | 📥 收到 /api/timeline-data 請求
2026-05-09 10:37:22 | INFO | 📊 DB 撈取筆數: 85040
2026-05-09 10:41:09 | INFO | 📥 收到 /api/timeline-data 請求
2026-05-09 10:41:10 | INFO | 📊 DB 撈取筆數: 85040
2026-05-09 10:41:21 | INFO | 📥 收到 /api/timeline-data 請求
2026-05-09 10:41:22 | INFO | 📊 DB 撈取筆數: 85040
2026-05-09 10:45:54 | INFO | 📥 收到 /api/timeline-data 請求
2026-05-09 10:45:55 | INFO | 📊 DB 撈取筆數: 85040
2026-05-09 10:46:07 | INFO | 📥 收到 /api/timeline-data 請求
2026-05-09 10:46:08 | INFO | 📊 DB 撈取筆數: 85040
2026-05-09 10:46:23 | INFO | 📥 收到 /api/timeline-data 請求
2026-05-09 10:46:24 | INFO | 📊 DB 撈取筆數: 85040
2026-05-09 10:46:32 | INFO | 📥 收到 /api/timeline-data 請求
2026-05-09 10:46:33 | INFO | 📊 DB 撈取筆數: 85040
2026-05-09 10:46:36 | INFO | 📥 收到 /api/timeline-data 請求
2026-05-09 10:46:37 | INFO | 📊 DB 撈取筆數: 85040
2026-05-09 10:52:16 | INFO | 📥 收到 /api/timeline-data 請求
2026-05-09 10:52:17 | INFO | 📊 DB 撈取筆數: 85040
2026-05-21 09:08:49 | INFO | 📥 收到 /api/timeline-data 請求
2026-05-21 09:08:50 | INFO | 📊 DB 撈取筆數: 88676
2026-05-21 09:09:13 | INFO | 📥 收到 /api/timeline-data 請求
2026-05-21 09:09:14 | INFO | 📊 DB 撈取筆數: 88676
2026-05-21 09:09:27 | INFO | 📥 收到 /api/timeline-data 請求
2026-05-21 09:09:27 | INFO | 📊 DB 撈取筆數: 88676
2026-05-21 09:09:33 | INFO | 📥 收到 /api/timeline-data 請求
2026-05-21 09:09:34 | INFO | 📊 DB 撈取筆數: 88676
2026-05-21 09:09:45 | INFO | 📥 收到 /api/timeline-data 請求
2026-05-21 09:09:46 | INFO | 📊 DB 撈取筆數: 88676
2026-05-21 09:09:54 | INFO | 📥 收到 /api/timeline-data 請求
2026-05-21 09:09:55 | INFO | 📊 DB 撈取筆數: 88676
2026-05-21 09:09:56 | INFO | 📥 收到 /api/timeline-data 請求
2026-05-21 09:09:57 | INFO | 📊 DB 撈取筆數: 88676
2026-05-21 09:10:02 | INFO | 📥 收到 /api/timeline-data 請求
2026-05-21 09:10:03 | INFO | 📊 DB 撈取筆數: 88676
2026-05-21 09:10:30 | INFO | 📥 收到 /api/timeline-data 請求
2026-05-21 09:10:31 | INFO | 📊 DB 撈取筆數: 88676
2026-05-21 09:12:15 | INFO | 📥 收到 /api/timeline-data 請求
2026-05-21 09:12:16 | INFO | 📊 DB 撈取筆數: 88676
2026-05-21 09:12:18 | INFO | 📥 收到 /api/timeline-data 請求
2026-05-21 09:12:19 | INFO | 📊 DB 撈取筆數: 88676
2026-05-21 09:12:25 | INFO | 📥 收到 /api/timeline-data 請求
2026-05-21 09:12:26 | INFO | 📊 DB 撈取筆數: 88676
2026-05-21 09:12:31 | INFO | 📥 收到 /api/timeline-data 請求
2026-05-21 09:12:32 | INFO | 📊 DB 撈取筆數: 88676
2026-05-21 09:12:40 | INFO | 📥 收到 /api/timeline-data 請求
2026-05-21 09:12:41 | INFO | 📊 DB 撈取筆數: 88676
2026-05-21 09:16:25 | INFO | 📥 收到 /api/timeline-data 請求
2026-05-21 09:16:26 | INFO | 📊 DB 撈取筆數: 88676
2026-05-21 09:16:29 | INFO | 📥 收到 /api/timeline-data 請求
2026-05-21 09:16:30 | INFO | 📊 DB 撈取筆數: 88676
2026-05-21 09:16:41 | INFO | 📥 收到 /api/timeline-data 請求
2026-05-21 09:16:42 | INFO | 📊 DB 撈取筆數: 88676
2026-05-21 09:16:53 | INFO | 📥 收到 /api/timeline-data 請求
2026-05-21 09:16:54 | INFO | 📊 DB 撈取筆數: 88676
2026-05-21 09:16:58 | INFO | 📥 收到 /api/timeline-data 請求
2026-05-21 09:16:59 | INFO | 📊 DB 撈取筆數: 88676
2026-05-21 09:17:01 | INFO | 📥 收到 /api/timeline-data 請求
2026-05-21 09:17:02 | INFO | 📊 DB 撈取筆數: 88676
2026-05-21 09:17:07 | INFO | 📥 收到 /api/timeline-data 請求
2026-05-21 09:17:07 | INFO | 📊 DB 撈取筆數: 88676
2026-05-21 09:17:10 | INFO | 📥 收到 /api/timeline-data 請求
2026-05-21 09:17:10 | INFO | 📊 DB 撈取筆數: 88676
2026-05-21 09:42:21 | INFO | 📥 收到 /api/timeline-data 請求
2026-05-21 09:42:21 | INFO | 📊 DB 撈取筆數: 88684
2026-05-21 09:42:22 | INFO | 📥 收到 /api/timeline-data 請求
2026-05-21 09:42:22 | INFO | 📊 DB 撈取筆數: 88684
2026-05-21 09:42:25 | INFO | 📥 收到 /api/timeline-data 請求
2026-05-21 09:42:25 | INFO | 📊 DB 撈取筆數: 88684
2026-05-21 09:42:25 | INFO | 📥 收到 /api/timeline-data 請求
2026-05-21 09:42:25 | INFO | 📊 DB 撈取筆數: 88684
2026-05-21 09:42:26 | INFO | 📥 收到 /api/timeline-data 請求
2026-05-21 09:42:26 | INFO | 📊 DB 撈取筆數: 88684
2026-05-21 09:42:26 | INFO | 📥 收到 /api/timeline-data 請求
2026-05-21 09:42:26 | INFO | 📊 DB 撈取筆數: 88684
2026-05-21 09:42:37 | INFO | 📥 收到 /api/timeline-data 請求
2026-05-21 09:42:37 | INFO | 📊 DB 撈取筆數: 88684
2026-05-21 09:42:38 | INFO | 📥 收到 /api/timeline-data 請求
2026-05-21 09:42:38 | INFO | 📊 DB 撈取筆數: 88684
2026-05-21 09:42:44 | INFO | 📥 收到 /api/timeline-data 請求
2026-05-21 09:42:44 | INFO | 📊 DB 撈取筆數: 88684
2026-05-21 09:42:45 | INFO | 📥 收到 /api/timeline-data 請求
2026-05-21 09:42:46 | INFO | 📊 DB 撈取筆數: 88684
2026-05-21 09:42:50 | INFO | 📥 收到 /api/timeline-data 請求
2026-05-21 09:42:50 | INFO | 📊 DB 撈取筆數: 88684
2026-05-21 09:42:52 | INFO | 📥 收到 /api/timeline-data 請求
2026-05-21 09:42:52 | INFO | 📊 DB 撈取筆數: 88684
2026-05-21 09:54:06 | INFO | 📥 收到 /api/timeline-data 請求
2026-05-21 09:54:07 | INFO | 📊 DB 撈取筆數: 88684
2026-05-21 09:54:16 | INFO | 📥 收到 /api/timeline-data 請求
2026-05-21 09:54:16 | INFO | 📊 DB 撈取筆數: 88684
2026-05-21 09:56:20 | INFO | 📥 收到 /api/timeline-data 請求
2026-05-21 09:56:20 | INFO | 📊 DB 撈取筆數: 88684
2026-05-21 09:57:02 | INFO | 📥 收到 /api/timeline-data 請求
2026-05-21 09:57:02 | INFO | 📊 DB 撈取筆數: 88684
2026-05-21 09:57:28 | INFO | 📥 收到 /api/timeline-data 請求
2026-05-21 09:57:28 | INFO | 📊 DB 撈取筆數: 88684
2026-05-21 10:00:28 | INFO | 📥 收到 /api/timeline-data 請求
2026-05-21 10:00:28 | INFO | 📊 DB 撈取筆數: 88684
2026-05-21 10:00:29 | INFO | 📥 收到 /api/timeline-data 請求
2026-05-21 10:00:29 | INFO | 📊 DB 撈取筆數: 88684
2026-05-21 10:00:30 | INFO | 📥 收到 /api/timeline-data 請求
2026-05-21 10:00:30 | INFO | 📊 DB 撈取筆數: 88684
2026-05-21 10:00:30 | INFO | 📥 收到 /api/timeline-data 請求
2026-05-21 10:00:30 | INFO | 📊 DB 撈取筆數: 88684
2026-05-21 10:00:30 | INFO | 📥 收到 /api/timeline-data 請求
2026-05-21 10:00:30 | INFO | 📊 DB 撈取筆數: 88684
2026-05-21 10:00:31 | INFO | 📥 收到 /api/timeline-data 請求
2026-05-21 10:00:31 | INFO | 📊 DB 撈取筆數: 88684
2026-05-21 10:00:31 | INFO | 📥 收到 /api/timeline-data 請求
2026-05-21 10:00:31 | INFO | 📊 DB 撈取筆數: 88684
2026-05-21 10:00:31 | INFO | 📥 收到 /api/timeline-data 請求
2026-05-21 10:00:31 | INFO | 📊 DB 撈取筆數: 88684
2026-05-21 10:00:31 | INFO | 📥 收到 /api/timeline-data 請求
2026-05-21 10:00:32 | INFO | 📊 DB 撈取筆數: 88684
2026-05-21 10:00:32 | INFO | 📥 收到 /api/timeline-data 請求
2026-05-21 10:00:32 | INFO | 📊 DB 撈取筆數: 88684
2026-05-21 10:00:32 | INFO | 📥 收到 /api/timeline-data 請求
2026-05-21 10:00:32 | INFO | 📊 DB 撈取筆數: 88684
2026-05-21 10:00:32 | INFO | 📥 收到 /api/timeline-data 請求
2026-05-21 10:00:32 | INFO | 📊 DB 撈取筆數: 88684
2026-05-21 10:00:32 | INFO | 📥 收到 /api/timeline-data 請求
2026-05-21 10:00:32 | INFO | 📊 DB 撈取筆數: 88684
2026-05-21 10:00:33 | INFO | 📥 收到 /api/timeline-data 請求
2026-05-21 10:00:33 | INFO | 📊 DB 撈取筆數: 88684
2026-05-21 10:00:33 | INFO | 📥 收到 /api/timeline-data 請求
2026-05-21 10:00:33 | INFO | 📊 DB 撈取筆數: 88684
2026-05-21 10:00:33 | INFO | 📥 收到 /api/timeline-data 請求
2026-05-21 10:00:33 | INFO | 📊 DB 撈取筆數: 88684
2026-05-21 10:00:33 | INFO | 📥 收到 /api/timeline-data 請求
2026-05-21 10:00:33 | INFO | 📊 DB 撈取筆數: 88684
2026-05-21 10:00:34 | INFO | 📥 收到 /api/timeline-data 請求
2026-05-21 10:00:34 | INFO | 📊 DB 撈取筆數: 88684
2026-05-21 10:00:34 | INFO | 📥 收到 /api/timeline-data 請求
2026-05-21 10:00:34 | INFO | 📊 DB 撈取筆數: 88684
2026-05-21 10:00:34 | INFO | 📥 收到 /api/timeline-data 請求
2026-05-21 10:00:34 | INFO | 📊 DB 撈取筆數: 88684
2026-05-21 10:00:34 | INFO | 📥 收到 /api/timeline-data 請求
2026-05-21 10:00:34 | INFO | 📊 DB 撈取筆數: 88684
2026-05-21 10:00:34 | INFO | 📥 收到 /api/timeline-data 請求
2026-05-21 10:00:35 | INFO | 📊 DB 撈取筆數: 88684
2026-05-21 10:00:35 | INFO | 📥 收到 /api/timeline-data 請求
2026-05-21 10:00:35 | INFO | 📊 DB 撈取筆數: 88684
2026-05-21 10:00:35 | INFO | 📥 收到 /api/timeline-data 請求
2026-05-21 10:00:35 | INFO | 📊 DB 撈取筆數: 88684
2026-05-21 10:00:35 | INFO | 📥 收到 /api/timeline-data 請求
2026-05-21 10:00:35 | INFO | 📊 DB 撈取筆數: 88684
2026-05-21 10:00:35 | INFO | 📥 收到 /api/timeline-data 請求
2026-05-21 10:00:35 | INFO | 📊 DB 撈取筆數: 88684
2026-05-21 10:00:36 | INFO | 📥 收到 /api/timeline-data 請求
2026-05-21 10:00:36 | INFO | 📊 DB 撈取筆數: 88684
2026-05-21 10:00:36 | INFO | 📥 收到 /api/timeline-data 請求
2026-05-21 10:00:36 | INFO | 📊 DB 撈取筆數: 88684
2026-05-21 10:00:36 | INFO | 📥 收到 /api/timeline-data 請求
2026-05-21 10:00:36 | INFO | 📊 DB 撈取筆數: 88684
2026-05-21 10:00:36 | INFO | 📥 收到 /api/timeline-data 請求
2026-05-21 10:00:36 | INFO | 📊 DB 撈取筆數: 88684
2026-05-21 10:00:36 | INFO | 📥 收到 /api/timeline-data 請求
2026-05-21 10:00:36 | INFO | 📊 DB 撈取筆數: 88684
2026-05-21 10:00:37 | INFO | 📥 收到 /api/timeline-data 請求
2026-05-21 10:00:37 | INFO | 📊 DB 撈取筆數: 88684
2026-05-21 10:00:37 | INFO | 📥 收到 /api/timeline-data 請求
2026-05-21 10:00:37 | INFO | 📊 DB 撈取筆數: 88684
2026-05-21 10:00:37 | INFO | 📥 收到 /api/timeline-data 請求
2026-05-21 10:00:37 | INFO | 📊 DB 撈取筆數: 88684
2026-05-21 10:00:37 | INFO | 📥 收到 /api/timeline-data 請求
2026-05-21 10:00:37 | INFO | 📊 DB 撈取筆數: 88684
2026-05-21 10:00:38 | INFO | 📥 收到 /api/timeline-data 請求
2026-05-21 10:00:38 | INFO | 📊 DB 撈取筆數: 88684
2026-05-21 10:00:38 | INFO | 📥 收到 /api/timeline-data 請求
2026-05-21 10:00:38 | INFO | 📊 DB 撈取筆數: 88684
2026-05-21 10:00:38 | INFO | 📥 收到 /api/timeline-data 請求
2026-05-21 10:00:38 | INFO | 📊 DB 撈取筆數: 88684
2026-05-21 10:00:39 | INFO | 📥 收到 /api/timeline-data 請求
2026-05-21 10:00:39 | INFO | 📊 DB 撈取筆數: 88684
2026-05-21 10:00:46 | INFO | 📥 收到 /api/timeline-data 請求
2026-05-21 10:00:46 | INFO | 📊 DB 撈取筆數: 88684
2026-05-21 10:00:51 | INFO | 📥 收到 /api/timeline-data 請求
2026-05-21 10:00:51 | INFO | 📊 DB 撈取筆數: 88684
2026-05-21 10:00:52 | INFO | 📥 收到 /api/timeline-data 請求
2026-05-21 10:00:52 | INFO | 📊 DB 撈取筆數: 88684
2026-05-21 10:27:21 | INFO | 📥 收到 /api/timeline-data 請求
2026-05-21 10:27:21 | INFO | 📊 DB 撈取筆數: 88684
2026-05-21 10:27:38 | INFO | 📥 收到 /api/timeline-data 請求
2026-05-21 10:27:38 | INFO | 📊 DB 撈取筆數: 88684
2026-05-21 10:32:23 | INFO | 📥 收到 /api/timeline-data 請求
2026-05-21 10:32:23 | INFO | 📊 DB 撈取筆數: 88684
2026-05-21 10:32:29 | INFO | 📥 收到 /api/timeline-data 請求
2026-05-21 10:32:29 | INFO | 📊 DB 撈取筆數: 88684
2026-05-21 10:33:14 | INFO | 📥 收到 /api/timeline-data 請求
2026-05-21 10:33:14 | INFO | 📊 DB 撈取筆數: 88684
2026-05-21 10:43:38 | INFO | 📥 收到 /api/timeline-data 請求
2026-05-21 10:43:38 | INFO | 📊 DB 撈取筆數: 88684
2026-05-21 10:52:00 | INFO | 📥 收到 /api/timeline-data 請求
2026-05-21 10:52:00 | INFO | 📊 DB 撈取筆數: 88684
2026-05-21 10:52:03 | INFO | 📥 收到 /api/timeline-data 請求
2026-05-21 10:52:03 | INFO | 📊 DB 撈取筆數: 88684
2026-05-21 11:00:38 | INFO | 📥 收到 /api/timeline-data 請求
2026-05-21 11:00:38 | INFO | 📊 DB 撈取筆數: 88684
2026-05-21 11:31:07 | INFO | 📥 收到 /api/timeline-data 請求
2026-05-21 11:31:08 | INFO | 📊 DB 撈取筆數: 88684
2026-05-21 11:31:28 | INFO | 📥 收到 /api/timeline-data 請求
2026-05-21 11:31:28 | INFO | 📊 DB 撈取筆數: 88684
2026-05-21 11:31:28 | INFO | 📥 收到 /api/timeline-data 請求
2026-05-21 11:31:29 | INFO | 📊 DB 撈取筆數: 88684
2026-05-21 11:31:29 | INFO | 📥 收到 /api/timeline-data 請求
2026-05-21 11:31:29 | INFO | 📊 DB 撈取筆數: 88684
2026-05-21 11:31:29 | INFO | 📥 收到 /api/timeline-data 請求
2026-05-21 11:31:29 | INFO | 📊 DB 撈取筆數: 88684
2026-05-21 11:31:30 | INFO | 📥 收到 /api/timeline-data 請求
2026-05-21 11:31:30 | INFO | 📊 DB 撈取筆數: 88684
2026-05-21 11:31:30 | INFO | 📥 收到 /api/timeline-data 請求
2026-05-21 11:31:30 | INFO | 📊 DB 撈取筆數: 88684
2026-05-21 11:31:30 | INFO | 📥 收到 /api/timeline-data 請求
2026-05-21 11:31:30 | INFO | 📊 DB 撈取筆數: 88684
2026-05-21 11:31:31 | INFO | 📥 收到 /api/timeline-data 請求
2026-05-21 11:31:31 | INFO | 📊 DB 撈取筆數: 88684
2026-05-21 11:31:31 | INFO | 📥 收到 /api/timeline-data 請求
2026-05-21 11:31:31 | INFO | 📊 DB 撈取筆數: 88684
2026-05-21 11:31:31 | INFO | 📥 收到 /api/timeline-data 請求
2026-05-21 11:31:32 | INFO | 📊 DB 撈取筆數: 88684
2026-05-21 11:31:32 | INFO | 📥 收到 /api/timeline-data 請求
2026-05-21 11:31:32 | INFO | 📊 DB 撈取筆數: 88684
2026-05-21 11:31:32 | INFO | 📥 收到 /api/timeline-data 請求
2026-05-21 11:31:32 | INFO | 📊 DB 撈取筆數: 88684
2026-05-21 11:31:33 | INFO | 📥 收到 /api/timeline-data 請求
2026-05-21 11:31:33 | INFO | 📊 DB 撈取筆數: 88684
2026-05-21 11:31:33 | INFO | 📥 收到 /api/timeline-data 請求
2026-05-21 11:31:33 | INFO | 📊 DB 撈取筆數: 88684
2026-05-21 11:31:33 | INFO | 📥 收到 /api/timeline-data 請求
2026-05-21 11:31:33 | INFO | 📊 DB 撈取筆數: 88684
2026-05-21 11:31:34 | INFO | 📥 收到 /api/timeline-data 請求
2026-05-21 11:31:34 | INFO | 📊 DB 撈取筆數: 88684
2026-05-21 11:31:34 | INFO | 📥 收到 /api/timeline-data 請求
2026-05-21 11:31:34 | INFO | 📊 DB 撈取筆數: 88684
2026-05-21 11:31:34 | INFO | 📥 收到 /api/timeline-data 請求
2026-05-21 11:31:35 | INFO | 📊 DB 撈取筆數: 88684
2026-05-21 11:31:35 | INFO | 📥 收到 /api/timeline-data 請求
2026-05-21 11:31:35 | INFO | 📊 DB 撈取筆數: 88684
2026-05-21 11:31:35 | INFO | 📥 收到 /api/timeline-data 請求
2026-05-21 11:31:35 | INFO | 📊 DB 撈取筆數: 88684
2026-05-21 11:31:36 | INFO | 📥 收到 /api/timeline-data 請求
2026-05-21 11:31:36 | INFO | 📊 DB 撈取筆數: 88684
2026-05-21 11:31:36 | INFO | 📥 收到 /api/timeline-data 請求
2026-05-21 11:31:36 | INFO | 📊 DB 撈取筆數: 88684
2026-05-21 11:31:36 | INFO | 📥 收到 /api/timeline-data 請求
2026-05-21 11:31:36 | INFO | 📊 DB 撈取筆數: 88684
2026-05-21 11:31:37 | INFO | 📥 收到 /api/timeline-data 請求
2026-05-21 11:31:37 | INFO | 📊 DB 撈取筆數: 88684
2026-05-21 11:31:37 | INFO | 📥 收到 /api/timeline-data 請求
2026-05-21 11:31:37 | INFO | 📊 DB 撈取筆數: 88684
2026-05-21 11:31:38 | INFO | 📥 收到 /api/timeline-data 請求
2026-05-21 11:31:38 | INFO | 📊 DB 撈取筆數: 88684
2026-05-21 11:31:38 | INFO | 📥 收到 /api/timeline-data 請求
2026-05-21 11:31:38 | INFO | 📊 DB 撈取筆數: 88684
2026-05-21 11:31:38 | INFO | 📥 收到 /api/timeline-data 請求
2026-05-21 11:31:38 | INFO | 📊 DB 撈取筆數: 88684
2026-05-21 11:31:39 | INFO | 📥 收到 /api/timeline-data 請求
2026-05-21 11:31:39 | INFO | 📊 DB 撈取筆數: 88684
2026-05-21 11:31:39 | INFO | 📥 收到 /api/timeline-data 請求
2026-05-21 11:31:39 | INFO | 📊 DB 撈取筆數: 88684
2026-05-21 11:31:39 | INFO | 📥 收到 /api/timeline-data 請求
2026-05-21 11:31:39 | INFO | 📊 DB 撈取筆數: 88684
2026-05-21 11:31:40 | INFO | 📥 收到 /api/timeline-data 請求
2026-05-21 11:31:40 | INFO | 📊 DB 撈取筆數: 88684
2026-05-21 11:31:40 | INFO | 📥 收到 /api/timeline-data 請求
2026-05-21 11:31:40 | INFO | 📊 DB 撈取筆數: 88684
2026-05-21 11:31:41 | INFO | 📥 收到 /api/timeline-data 請求
2026-05-21 11:31:41 | INFO | 📊 DB 撈取筆數: 88684
2026-05-21 11:31:41 | INFO | 📥 收到 /api/timeline-data 請求
2026-05-21 11:31:41 | INFO | 📊 DB 撈取筆數: 88684
2026-05-21 11:31:41 | INFO | 📥 收到 /api/timeline-data 請求
2026-05-21 11:31:41 | INFO | 📊 DB 撈取筆數: 88684
2026-05-21 11:31:42 | INFO | 📥 收到 /api/timeline-data 請求
2026-05-21 11:31:42 | INFO | 📊 DB 撈取筆數: 88684
2026-05-21 11:31:42 | INFO | 📥 收到 /api/timeline-data 請求
2026-05-21 11:31:42 | INFO | 📊 DB 撈取筆數: 88684
2026-05-21 11:31:42 | INFO | 📥 收到 /api/timeline-data 請求
2026-05-21 11:31:43 | INFO | 📊 DB 撈取筆數: 88684
2026-05-21 11:31:43 | INFO | 📥 收到 /api/timeline-data 請求
2026-05-21 11:31:43 | INFO | 📊 DB 撈取筆數: 88684
2026-05-21 11:31:43 | INFO | 📥 收到 /api/timeline-data 請求
2026-05-21 11:31:43 | INFO | 📊 DB 撈取筆數: 88684
2026-05-21 11:31:44 | INFO | 📥 收到 /api/timeline-data 請求
2026-05-21 11:31:44 | INFO | 📊 DB 撈取筆數: 88684
2026-05-21 11:31:44 | INFO | 📥 收到 /api/timeline-data 請求
2026-05-21 11:31:44 | INFO | 📊 DB 撈取筆數: 88684
2026-05-21 11:31:44 | INFO | 📥 收到 /api/timeline-data 請求
2026-05-21 11:31:44 | INFO | 📊 DB 撈取筆數: 88684
2026-05-21 11:31:45 | INFO | 📥 收到 /api/timeline-data 請求
2026-05-21 11:31:45 | INFO | 📊 DB 撈取筆數: 88684
2026-05-21 11:31:45 | INFO | 📥 收到 /api/timeline-data 請求
2026-05-21 11:31:45 | INFO | 📊 DB 撈取筆數: 88684
2026-05-21 11:31:45 | INFO | 📥 收到 /api/timeline-data 請求
2026-05-21 11:31:46 | INFO | 📊 DB 撈取筆數: 88684
2026-05-21 11:31:46 | INFO | 📥 收到 /api/timeline-data 請求
2026-05-21 11:31:46 | INFO | 📊 DB 撈取筆數: 88684
2026-05-21 11:31:46 | INFO | 📥 收到 /api/timeline-data 請求
2026-05-21 11:31:46 | INFO | 📊 DB 撈取筆數: 88684
2026-05-21 11:31:47 | INFO | 📥 收到 /api/timeline-data 請求
2026-05-21 11:31:47 | INFO | 📊 DB 撈取筆數: 88684
2026-05-21 11:31:47 | INFO | 📥 收到 /api/timeline-data 請求
2026-05-21 11:31:47 | INFO | 📊 DB 撈取筆數: 88684
2026-05-21 11:31:47 | INFO | 📥 收到 /api/timeline-data 請求
2026-05-21 11:31:47 | INFO | 📊 DB 撈取筆數: 88684
2026-05-21 11:31:48 | INFO | 📥 收到 /api/timeline-data 請求
2026-05-21 11:31:48 | INFO | 📊 DB 撈取筆數: 88684
2026-05-21 11:31:48 | INFO | 📥 收到 /api/timeline-data 請求
2026-05-21 11:31:48 | INFO | 📊 DB 撈取筆數: 88684
2026-05-21 11:31:48 | INFO | 📥 收到 /api/timeline-data 請求
2026-05-21 11:31:49 | INFO | 📊 DB 撈取筆數: 88684
2026-05-21 11:31:49 | INFO | 📥 收到 /api/timeline-data 請求
2026-05-21 11:31:49 | INFO | 📊 DB 撈取筆數: 88684
2026-05-21 11:31:49 | INFO | 📥 收到 /api/timeline-data 請求
2026-05-21 11:31:49 | INFO | 📊 DB 撈取筆數: 88684
2026-05-21 11:31:50 | INFO | 📥 收到 /api/timeline-data 請求
2026-05-21 11:31:50 | INFO | 📊 DB 撈取筆數: 88684
2026-05-21 11:31:50 | INFO | 📥 收到 /api/timeline-data 請求
2026-05-21 11:31:50 | INFO | 📊 DB 撈取筆數: 88684
2026-05-21 11:31:50 | INFO | 📥 收到 /api/timeline-data 請求
2026-05-21 11:31:50 | INFO | 📊 DB 撈取筆數: 88684
2026-05-21 11:31:51 | INFO | 📥 收到 /api/timeline-data 請求
2026-05-21 11:31:51 | INFO | 📊 DB 撈取筆數: 88684
2026-05-21 11:31:51 | INFO | 📥 收到 /api/timeline-data 請求
2026-05-21 11:31:51 | INFO | 📊 DB 撈取筆數: 88684
2026-05-21 11:31:52 | INFO | 📥 收到 /api/timeline-data 請求
2026-05-21 11:31:52 | INFO | 📊 DB 撈取筆數: 88684
2026-05-21 11:31:52 | INFO | 📥 收到 /api/timeline-data 請求
2026-05-21 11:31:52 | INFO | 📊 DB 撈取筆數: 88684
2026-05-21 11:31:52 | INFO | 📥 收到 /api/timeline-data 請求
2026-05-21 11:31:52 | INFO | 📊 DB 撈取筆數: 88684
2026-05-21 11:31:53 | INFO | 📥 收到 /api/timeline-data 請求
2026-05-21 11:31:53 | INFO | 📊 DB 撈取筆數: 88684
2026-05-21 11:31:55 | INFO | 📥 收到 /api/timeline-data 請求
2026-05-21 11:31:55 | INFO | 📊 DB 撈取筆數: 88684
2026-05-21 11:35:29 | INFO | 📥 收到 /api/timeline-data 請求
2026-05-21 11:35:29 | INFO | 📊 DB 撈取筆數: 88684
2026-05-21 11:35:32 | INFO | 📥 收到 /api/timeline-data 請求
2026-05-21 11:35:32 | INFO | 📊 DB 撈取筆數: 88684
2026-05-21 11:36:25 | INFO | 📥 收到 /api/timeline-data 請求
2026-05-21 11:36:25 | INFO | 📊 DB 撈取筆數: 88684
2026-05-21 11:36:26 | INFO | 📥 收到 /api/timeline-data 請求
2026-05-21 11:36:26 | INFO | 📊 DB 撈取筆數: 88684
2026-05-21 11:36:38 | INFO | 📥 收到 /api/timeline-data 請求
2026-05-21 11:36:38 | INFO | 📊 DB 撈取筆數: 88684
2026-05-21 11:36:45 | INFO | 📥 收到 /api/timeline-data 請求
2026-05-21 11:36:45 | INFO | 📊 DB 撈取筆數: 88684
2026-05-21 11:37:02 | INFO | 📥 收到 /api/timeline-data 請求
2026-05-21 11:37:02 | INFO | 📊 DB 撈取筆數: 88684
2026-05-21 11:37:28 | INFO | 📥 收到 /api/timeline-data 請求
2026-05-21 11:37:28 | INFO | 📊 DB 撈取筆數: 88684
2026-05-21 11:37:35 | INFO | 📥 收到 /api/timeline-data 請求
2026-05-21 11:37:35 | INFO | 📊 DB 撈取筆數: 88684
2026-05-21 11:37:48 | INFO | 📥 收到 /api/timeline-data 請求
2026-05-21 11:37:48 | INFO | 📊 DB 撈取筆數: 88684
2026-05-21 11:37:52 | INFO | 📥 收到 /api/timeline-data 請求
2026-05-21 11:37:52 | INFO | 📊 DB 撈取筆數: 88684
2026-05-21 11:37:53 | INFO | 📥 收到 /api/timeline-data 請求
2026-05-21 11:37:53 | INFO | 📊 DB 撈取筆數: 88684
2026-05-21 11:37:54 | INFO | 📥 收到 /api/timeline-data 請求
2026-05-21 11:37:54 | INFO | 📊 DB 撈取筆數: 88684
2026-05-21 11:37:54 | INFO | 📥 收到 /api/timeline-data 請求
2026-05-21 11:37:54 | INFO | 📊 DB 撈取筆數: 88684
2026-05-21 11:42:42 | INFO | 📥 收到 /api/timeline-data 請求
2026-05-21 11:42:42 | INFO | 📊 DB 撈取筆數: 88684
2026-05-21 11:42:55 | INFO | 📥 收到 /api/timeline-data 請求
2026-05-21 11:42:55 | INFO | 📊 DB 撈取筆數: 88684
2026-05-21 11:45:10 | INFO | 📥 收到 /api/timeline-data 請求
2026-05-21 11:45:10 | INFO | 📊 DB 撈取筆數: 88684
2026-05-21 11:45:31 | INFO | 📥 收到 /api/timeline-data 請求
2026-05-21 11:45:31 | INFO | 📊 DB 撈取筆數: 88684
2026-05-21 11:45:47 | INFO | 📥 收到 /api/timeline-data 請求
2026-05-21 11:45:47 | INFO | 📊 DB 撈取筆數: 88684
2026-05-21 11:46:32 | INFO | 📥 收到 /api/timeline-data 請求
2026-05-21 11:46:32 | INFO | 📊 DB 撈取筆數: 88684
2026-05-21 11:47:01 | INFO | 📥 收到 /api/timeline-data 請求
2026-05-21 11:47:01 | INFO | 📊 DB 撈取筆數: 88684
2026-05-21 11:48:18 | INFO | 📥 收到 /api/timeline-data 請求
2026-05-21 11:48:18 | INFO | 📊 DB 撈取筆數: 88684
2026-05-21 11:53:38 | INFO | 📥 收到 /api/timeline-data 請求
2026-05-21 11:53:38 | INFO | 📊 DB 撈取筆數: 88684
2026-05-21 11:53:54 | INFO | 📥 收到 /api/timeline-data 請求
2026-05-21 11:53:54 | INFO | 📊 DB 撈取筆數: 88684
2026-05-21 11:55:37 | INFO | 📥 收到 /api/timeline-data 請求
2026-05-21 11:55:37 | INFO | 📊 DB 撈取筆數: 88684
2026-05-21 11:55:55 | INFO | 📥 收到 /api/timeline-data 請求
2026-05-21 11:55:55 | INFO | 📊 DB 撈取筆數: 88684
2026-05-21 11:56:32 | INFO | 📥 收到 /api/timeline-data 請求
2026-05-21 11:56:32 | INFO | 📊 DB 撈取筆數: 88684
2026-05-21 13:28:30 | INFO | 📥 收到 /api/timeline-data 請求
2026-05-21 13:28:30 | INFO | 📊 DB 撈取筆數: 88684
2026-05-21 13:53:14 | INFO | 📥 收到 /api/timeline-data 請求
2026-05-21 13:53:14 | INFO | 📊 DB 撈取筆數: 88684
2026-05-21 14:37:57 | INFO | 📥 收到 /api/timeline-data 請求
2026-05-21 14:37:57 | INFO | 📊 DB 撈取筆數: 88684
2026-05-21 14:44:24 | INFO | 📥 收到 /api/timeline-data 請求
2026-05-21 14:44:24 | INFO | 📊 DB 撈取筆數: 88684
2026-05-21 14:44:24 | INFO | ✅ 最終回傳筆數: 66 (原始: 50122, 篩選後: 80)
2026-05-21 14:44:39 | INFO | 📥 收到 /api/timeline-data 請求
2026-05-21 14:44:39 | INFO | 📊 DB 撈取筆數: 88684
2026-05-21 14:44:39 | INFO | ✅ 最終回傳筆數: 66 (原始: 50122, 篩選後: 80)
2026-05-21 14:45:12 | INFO | 📥 收到 /api/timeline-data 請求
2026-05-21 14:45:12 | INFO | 📊 DB 撈取筆數: 88684
2026-05-21 14:45:19 | INFO | 📥 收到 /api/timeline-data 請求
2026-05-21 14:45:19 | INFO | 📊 DB 撈取筆數: 88684
2026-05-21 14:45:37 | INFO | 📥 收到 /api/timeline-data 請求
2026-05-21 14:45:37 | INFO | 📊 DB 撈取筆數: 88684
2026-05-21 14:45:47 | INFO | 📥 收到 /api/timeline-data 請求
2026-05-21 14:45:47 | INFO | 📊 DB 撈取筆數: 88684
2026-05-21 14:47:19 | INFO | 📥 收到 /api/timeline-data 請求
2026-05-21 14:47:19 | INFO | 📊 DB 撈取筆數: 88684
2026-05-21 14:47:19 | INFO | ✅ 最終回傳筆數: 66 (原始: 50122, 篩選後: 80)
2026-05-21 14:47:37 | INFO | 📥 收到 /api/timeline-data 請求
2026-05-21 14:47:37 | INFO | 📊 DB 撈取筆數: 88684
2026-05-21 14:47:37 | INFO | ✅ 最終回傳筆數: 66 (原始: 50122, 篩選後: 80)
2026-05-21 15:12:54 | INFO | 📥 收到 /api/timeline-data 請求
2026-05-21 15:12:54 | INFO | 📊 DB 撈取筆數: 88684
2026-05-21 15:12:54 | INFO | ✅ 最終回傳筆數: 62 (原始: 50122, 篩選後: 75)
2026-05-21 15:12:59 | INFO | 📥 收到 /api/timeline-data 請求
2026-05-21 15:12:59 | INFO | 📊 DB 撈取筆數: 88684
2026-05-21 15:12:59 | INFO | ✅ 最終回傳筆數: 62 (原始: 50122, 篩選後: 75)
2026-05-21 15:13:41 | INFO | 📥 收到 /api/timeline-data 請求
2026-05-21 15:13:41 | INFO | 📊 DB 撈取筆數: 88684
2026-05-21 15:14:01 | INFO | 📥 收到 /api/timeline-data 請求
2026-05-21 15:14:01 | INFO | 📊 DB 撈取筆數: 88684
2026-05-21 15:14:10 | INFO | 📥 收到 /api/timeline-data 請求
2026-05-21 15:14:10 | INFO | 📊 DB 撈取筆數: 88684
2026-05-21 15:15:09 | INFO | 📥 收到 /api/timeline-data 請求
2026-05-21 15:15:09 | INFO | 📊 DB 撈取筆數: 88684
2026-05-21 15:15:10 | INFO | ✅ 最終回傳筆數: 62 (原始: 50122, 篩選後: 75)
2026-05-21 15:16:16 | INFO | 📥 收到 /api/timeline-data 請求
2026-05-21 15:16:16 | INFO | 📊 DB 撈取筆數: 88684
2026-05-21 15:16:16 | INFO | ✅ 最終回傳筆數: 62 (原始: 50122, 篩選後: 75)
2026-05-21 15:16:22 | INFO | 📥 收到 /api/timeline-data 請求
2026-05-21 15:16:23 | INFO | 📊 DB 撈取筆數: 88684
2026-05-21 15:16:26 | INFO | 📥 收到 /api/timeline-data 請求
2026-05-21 15:16:26 | INFO | 📊 DB 撈取筆數: 88684
2026-05-21 15:16:27 | INFO | 📥 收到 /api/timeline-data 請求
2026-05-21 15:16:27 | INFO | 📊 DB 撈取筆數: 88684
2026-05-21 15:16:57 | INFO | 📥 收到 /api/timeline-data 請求
2026-05-21 15:16:57 | INFO | 📊 DB 撈取筆數: 88684
2026-05-21 15:19:08 | INFO | 📥 收到 /api/timeline-data 請求
2026-05-21 15:19:08 | INFO | 📊 DB 撈取筆數: 88684
2026-05-21 15:41:13 | INFO | 📥 收到 /api/timeline-data 請求
2026-05-21 15:41:14 | INFO | 📊 DB 撈取筆數: 88684
2026-05-21 15:41:14 | INFO | ✅ 最終回傳筆數: 82
2026-05-21 15:41:18 | INFO | 📥 收到 /api/timeline-data 請求
2026-05-21 15:41:18 | INFO | 📊 DB 撈取筆數: 88684
2026-05-21 15:41:18 | INFO | ✅ 最終回傳筆數: 912
2026-05-21 15:41:21 | INFO | 📥 收到 /api/timeline-data 請求
2026-05-21 15:41:21 | INFO | 📊 DB 撈取筆數: 88684
2026-05-21 15:41:21 | INFO | ✅ 最終回傳筆數: 82
2026-05-21 15:44:40 | INFO | 📥 收到 /api/timeline-data 請求
2026-05-21 15:44:41 | INFO | 📊 DB 撈取筆數: 88684
2026-05-21 15:44:41 | INFO | ✅ 最終回傳筆數: 82
2026-05-21 16:02:00 | INFO | 📥 收到 /api/timeline-data 請求
2026-05-21 16:02:00 | INFO | 📊 DB 撈取筆數: 88684
2026-05-21 16:02:00 | INFO | ✅ 最終回傳筆數: 82
2026-05-21 16:08:43 | INFO | 📥 收到 /api/timeline-data 請求
2026-05-21 16:08:44 | INFO | 📊 DB 撈取筆數: 88684
2026-05-21 16:08:44 | INFO | ✅ 最終回傳筆數: 82
2026-05-21 16:09:09 | INFO | 📥 收到 /api/timeline-data 請求
2026-05-21 16:09:09 | INFO | 📊 DB 撈取筆數: 88684
2026-05-21 16:09:09 | INFO | ✅ 最終回傳筆數: 82
2026-05-21 16:09:19 | INFO | 📥 收到 /api/timeline-data 請求
2026-05-21 16:09:19 | INFO | 📊 DB 撈取筆數: 88684
2026-05-21 16:09:19 | INFO | ✅ 最終回傳筆數: 82
2026-05-21 16:15:10 | INFO | 📥 收到 /api/timeline-data 請求
2026-05-21 16:15:10 | INFO | 📊 DB 撈取筆數: 88684
2026-05-21 16:15:10 | INFO | ✅ 最終回傳筆數: 82
2026-05-21 16:15:18 | INFO | 📥 收到 /api/timeline-data 請求
2026-05-21 16:15:18 | INFO | 📊 DB 撈取筆數: 88684
2026-05-21 16:15:19 | INFO | ✅ 最終回傳筆數: 82
2026-05-21 16:15:19 | INFO | 📥 收到 /api/timeline-data 請求
2026-05-21 16:15:19 | INFO | 📊 DB 撈取筆數: 88684
2026-05-21 16:15:19 | INFO | ✅ 最終回傳筆數: 82
2026-05-21 16:15:23 | INFO | 📥 收到 /api/timeline-data 請求
2026-05-21 16:15:23 | INFO | 📊 DB 撈取筆數: 88684
2026-05-21 16:15:23 | INFO | ✅ 最終回傳筆數: 3611
2026-05-21 16:15:42 | INFO | 📥 收到 /api/timeline-data 請求
2026-05-21 16:15:42 | INFO | 📊 DB 撈取筆數: 88684
2026-05-21 16:15:42 | INFO | ✅ 最終回傳筆數: 3611
2026-05-21 16:15:49 | INFO | 📥 收到 /api/timeline-data 請求
2026-05-21 16:15:49 | INFO | 📊 DB 撈取筆數: 88684
2026-05-21 16:15:49 | INFO | ✅ 最終回傳筆數: 469
2026-05-21 16:17:11 | INFO | 📥 收到 /api/timeline-data 請求
2026-05-21 16:17:11 | INFO | 📊 DB 撈取筆數: 88684
2026-05-21 16:17:11 | INFO | ✅ 最終回傳筆數: 0
2026-05-21 16:17:14 | INFO | 📥 收到 /api/timeline-data 請求
2026-05-21 16:17:14 | INFO | 📊 DB 撈取筆數: 88684
2026-05-21 16:17:14 | INFO | ✅ 最終回傳筆數: 14
2026-05-21 16:17:18 | INFO | 📥 收到 /api/timeline-data 請求
2026-05-21 16:17:18 | INFO | 📊 DB 撈取筆數: 88684
2026-05-21 16:17:18 | INFO | ✅ 最終回傳筆數: 14
2026-05-21 16:17:22 | INFO | 📥 收到 /api/timeline-data 請求
2026-05-21 16:17:22 | INFO | 📊 DB 撈取筆數: 88684
2026-05-21 16:17:22 | INFO | ✅ 最終回傳筆數: 14
2026-05-21 16:17:27 | INFO | 📥 收到 /api/timeline-data 請求
2026-05-21 16:17:27 | INFO | 📊 DB 撈取筆數: 88684
2026-05-21 16:17:27 | INFO | ✅ 最終回傳筆數: 0
2026-05-21 16:17:29 | INFO | 📥 收到 /api/timeline-data 請求
2026-05-21 16:17:29 | INFO | 📊 DB 撈取筆數: 88684
2026-05-21 16:17:29 | INFO | ✅ 最終回傳筆數: 0
2026-05-21 16:17:33 | INFO | 📥 收到 /api/timeline-data 請求
2026-05-21 16:17:33 | INFO | 📊 DB 撈取筆數: 88684
2026-05-21 16:17:33 | INFO | ✅ 最終回傳筆數: 14
2026-05-21 16:17:34 | INFO | 📥 收到 /api/timeline-data 請求
2026-05-21 16:17:34 | INFO | 📊 DB 撈取筆數: 88684
2026-05-21 16:17:34 | INFO | ✅ 最終回傳筆數: 967
2026-05-21 16:17:37 | INFO | 📥 收到 /api/timeline-data 請求
2026-05-21 16:17:37 | INFO | 📊 DB 撈取筆數: 88684
2026-05-21 16:17:37 | INFO | ✅ 最終回傳筆數: 1041
2026-05-21 16:17:39 | INFO | 📥 收到 /api/timeline-data 請求
2026-05-21 16:17:39 | INFO | 📊 DB 撈取筆數: 88684
2026-05-21 16:17:39 | INFO | ✅ 最終回傳筆數: 14
2026-05-21 16:18:02 | INFO | 📥 收到 /api/timeline-data 請求
2026-05-21 16:18:02 | INFO | 📊 DB 撈取筆數: 88684
2026-05-21 16:18:05 | INFO | 📥 收到 /api/timeline-data 請求
2026-05-21 16:18:05 | INFO | 📊 DB 撈取筆數: 88684
2026-05-21 16:18:06 | INFO | 📥 收到 /api/timeline-data 請求
2026-05-21 16:18:06 | INFO | 📊 DB 撈取筆數: 88684
2026-05-21 16:18:07 | INFO | 📥 收到 /api/timeline-data 請求
2026-05-21 16:18:07 | INFO | 📊 DB 撈取筆數: 88684
2026-05-21 19:24:22 | INFO | 🔥 預熱中（測試 DB 連線 + 預載 CSV）...
2026-05-21 19:24:27 | WARNING | ⚠️ MySQL 無法連線：(pymysql.err.OperationalError) (2003, "Can't connect to MySQL server on '10.11.104.247' (timed out)")
(Background on this error at: https://sqlalche.me/e/20/e3q8)，將使用 CSV fallback
2026-05-21 19:24:27 | INFO | 📄 [filters] 使用 CSV fallback
2026-05-21 19:24:27 | INFO | 📂 重新載入 CSV（首次）
2026-05-21 19:24:28 | INFO | ✅ CSV 快取完成，共 88,756 筆
2026-05-21 19:24:28 | INFO | 📥 收到 /api/timeline-data 請求
2026-05-21 19:24:28 | INFO | 📄 [timeline] 使用 CSV fallback
2026-05-21 19:24:28 | INFO | 📊 [CSV] 總筆數：88,756
2026-05-21 19:24:28 | INFO | 🕐 時間範圍：2026-05-20 19:24:28.226455 ~ 2026-05-21 19:24:28.227620  （來源：CSV）
2026-05-21 19:24:28 | INFO | ✅ 回傳 112 筆區間資料（來源：CSV）
2026-05-21 19:24:31 | INFO | 📥 收到 /api/timeline-data 請求
2026-05-21 19:24:31 | INFO | 📄 [timeline] 使用 CSV fallback
2026-05-21 19:24:31 | INFO | 📊 [CSV] 總筆數：88,756
2026-05-21 19:24:31 | INFO | 🕐 時間範圍：2026-05-20 19:24:31.410923 ~ 2026-05-21 19:24:31.411067  （來源：CSV）
2026-05-21 19:24:31 | INFO | ✅ 回傳 112 筆區間資料（來源：CSV）
2026-05-21 19:24:40 | INFO | 📄 [filters] 使用 CSV fallback
2026-05-21 19:24:40 | INFO | 📥 收到 /api/timeline-data 請求
2026-05-21 19:24:40 | INFO | 📄 [timeline] 使用 CSV fallback
2026-05-21 19:24:40 | INFO | 📊 [CSV] 總筆數：88,756
2026-05-21 19:24:40 | INFO | 🕐 時間範圍：2026-05-20 19:24:40.588648 ~ 2026-05-21 19:24:40.588811  （來源：CSV）
2026-05-21 19:24:40 | INFO | ✅ 回傳 112 筆區間資料（來源：CSV）
2026-05-21 19:24:42 | INFO | 📥 收到 /api/timeline-data 請求
2026-05-21 19:24:42 | INFO | 📄 [timeline] 使用 CSV fallback
2026-05-21 19:24:42 | INFO | 📊 [CSV] 總筆數：88,756
2026-05-21 19:24:42 | INFO | 🕐 時間範圍：2026-05-20 19:24:42.622395 ~ 2026-05-21 19:24:42.622487  （來源：CSV）
2026-05-21 19:24:42 | INFO | ✅ 回傳 112 筆區間資料（來源：CSV）
2026-05-21 19:24:58 | INFO | 📄 [filters] 使用 CSV fallback
2026-05-21 19:24:58 | INFO | 📥 收到 /api/timeline-data 請求
2026-05-21 19:24:58 | INFO | 📄 [timeline] 使用 CSV fallback
2026-05-21 19:24:58 | INFO | 📊 [CSV] 總筆數：88,756
2026-05-21 19:24:58 | INFO | 🕐 時間範圍：2026-05-20 19:24:58.181350 ~ 2026-05-21 19:24:58.181467  （來源：CSV）
2026-05-21 19:24:58 | INFO | ✅ 回傳 112 筆區間資料（來源：CSV）
2026-05-21 19:25:00 | INFO | 📥 收到 /api/timeline-data 請求
2026-05-21 19:25:00 | INFO | 📄 [timeline] 使用 CSV fallback
2026-05-21 19:25:00 | INFO | 📊 [CSV] 總筆數：88,756
2026-05-21 19:25:00 | INFO | 🕐 時間範圍：2026-05-14 19:25:00.469983 ~ 2026-05-21 19:25:00.470481  （來源：CSV）
2026-05-21 19:25:00 | INFO | ✅ 回傳 919 筆區間資料（來源：CSV）
2026-05-21 19:25:02 | INFO | 📥 收到 /api/timeline-data 請求
2026-05-21 19:25:02 | INFO | 📄 [timeline] 使用 CSV fallback
2026-05-21 19:25:02 | INFO | 📊 [CSV] 總筆數：88,756
2026-05-21 19:25:02 | INFO | 🕐 時間範圍：2026-04-21 19:25:02.572402 ~ 2026-05-21 19:25:02.572562  （來源：CSV）
2026-05-21 19:25:03 | INFO | ✅ 回傳 3,645 筆區間資料（來源：CSV）
2026-05-21 19:25:18 | INFO | 📥 收到 /api/timeline-data 請求
2026-05-21 19:25:18 | INFO | 📄 [timeline] 使用 CSV fallback
2026-05-21 19:25:18 | INFO | 📊 [CSV] 總筆數：88,756
2026-05-21 19:25:18 | INFO | 🕐 時間範圍：2026-05-14 19:25:18.490925 ~ 2026-05-21 19:25:18.491162  （來源：CSV）
2026-05-21 19:25:18 | INFO | ✅ 回傳 919 筆區間資料（來源：CSV）
2026-05-21 19:40:51 | INFO | 🔥 預熱中（測試 DB 連線 + 預載 CSV）...
2026-05-21 19:40:56 | WARNING | ⚠️ MySQL 無法連線：(pymysql.err.OperationalError) (2003, "Can't connect to MySQL server on '10.11.104.247' (timed out)")
(Background on this error at: https://sqlalche.me/e/20/e3q8)，將使用 CSV fallback
2026-05-21 19:40:56 | INFO | 📂 重新載入 CSV（首次）
2026-05-21 19:40:56 | INFO | 📄 [filters] 使用 CSV fallback
2026-05-21 19:40:56 | INFO | ✅ CSV 快取完成，共 88,756 筆
2026-05-21 19:40:56 | INFO | 📥 收到 /api/timeline-data 請求
2026-05-21 19:40:56 | INFO | 📄 [timeline] 使用 CSV fallback
2026-05-21 19:40:56 | INFO | 📊 [CSV] 總筆數：88,756
2026-05-21 19:40:56 | INFO | 🕐 時間範圍：2026-05-14 19:40:56.767555 ~ 2026-05-21 19:40:56.767724  （來源：CSV）
2026-05-21 19:40:56 | INFO | ✅ 回傳 908 筆區間資料（來源：CSV）
2026-05-21 19:41:01 | INFO | 📥 收到 /api/timeline-data 請求
2026-05-21 19:41:01 | INFO | 📄 [timeline] 使用 CSV fallback
2026-05-21 19:41:01 | INFO | 📊 [CSV] 總筆數：88,756
2026-05-21 19:41:01 | INFO | 🕐 時間範圍：2026-04-21 19:41:01.180739 ~ 2026-05-21 19:41:01.181024  （來源：CSV）
2026-05-21 19:41:02 | INFO | ✅ 回傳 3,640 筆區間資料（來源：CSV）
2026-05-21 19:41:06 | INFO | 📥 收到 /api/timeline-data 請求
2026-05-21 19:41:06 | INFO | 📄 [timeline] 使用 CSV fallback
2026-05-21 19:41:06 | INFO | 📊 [CSV] 總筆數：88,756
2026-05-21 19:41:06 | INFO | 🕐 時間範圍：2026-05-20 19:41:06.588105 ~ 2026-05-21 19:41:06.588260  （來源：CSV）
2026-05-21 19:41:06 | INFO | ✅ 回傳 102 筆區間資料（來源：CSV）
2026-05-21 19:41:09 | INFO | 📥 收到 /api/timeline-data 請求
2026-05-21 19:41:09 | INFO | 📄 [timeline] 使用 CSV fallback
2026-05-21 19:41:09 | INFO | 📊 [CSV] 總筆數：88,756
2026-05-21 19:41:09 | INFO | 🌐 全部模式：2025-06-14 17:26:30 ~ 2026-05-21 16:25:10
2026-05-21 19:41:09 | INFO | 🕐 時間範圍：2025-06-14 17:26:30 ~ 2026-05-21 16:25:10  （來源：CSV）
2026-05-21 19:41:17 | INFO | ✅ 回傳 50,158 筆區間資料（來源：CSV）
2026-05-21 19:41:44 | INFO | 📄 [filters] 使用 CSV fallback
2026-05-21 19:41:44 | INFO | 📥 收到 /api/timeline-data 請求
2026-05-21 19:41:44 | INFO | 📄 [timeline] 使用 CSV fallback
2026-05-21 19:41:44 | INFO | 📊 [CSV] 總筆數：88,756
2026-05-21 19:41:44 | INFO | 🕐 時間範圍：2026-05-20 19:41:44.310146 ~ 2026-05-21 19:41:44.310261  （來源：CSV）
2026-05-21 19:41:44 | INFO | ✅ 回傳 102 筆區間資料（來源：CSV）
2026-05-21 19:48:57 | WARNING | ⚠️ MySQL 無法連線：(pymysql.err.OperationalError) (2003, "Can't connect to MySQL server on '10.11.104.247' (timed out)")
(Background on this error at: https://sqlalche.me/e/20/e3q8)，將使用 CSV fallback
2026-05-21 19:48:57 | INFO | 📄 [filters] 使用 CSV fallback
2026-05-21 19:48:57 | INFO | 📥 收到 /api/timeline-data 請求
2026-05-21 19:48:57 | INFO | 📄 [timeline] 使用 CSV fallback
2026-05-21 19:48:57 | INFO | 📊 [CSV] 總筆數：88,756
2026-05-21 19:48:57 | INFO | 🕐 時間範圍：2026-05-20 19:48:57.663523 ~ 2026-05-21 19:48:57.663623  （來源：CSV）
2026-05-21 19:48:57 | INFO | ✅ 回傳 102 筆區間資料（來源：CSV）
2026-05-21 19:50:03 | WARNING | ⚠️ MySQL 無法連線：(pymysql.err.OperationalError) (2003, "Can't connect to MySQL server on '10.11.104.247' (timed out)")
(Background on this error at: https://sqlalche.me/e/20/e3q8)，將使用 CSV fallback
2026-05-21 19:50:03 | INFO | 📄 [filters] 使用 CSV fallback
2026-05-21 19:50:03 | INFO | 📥 收到 /api/timeline-data 請求
2026-05-21 19:50:03 | INFO | 📄 [timeline] 使用 CSV fallback
2026-05-21 19:50:03 | INFO | 📊 [CSV] 總筆數：88,756
2026-05-21 19:50:03 | INFO | 🕐 時間範圍：2026-05-20 19:50:03.952564 ~ 2026-05-21 19:50:03.952735  （來源：CSV）
2026-05-21 19:50:04 | INFO | ✅ 回傳 102 筆區間資料（來源：CSV）
2026-05-21 19:54:25 | WARNING | ⚠️ MySQL 無法連線：(pymysql.err.OperationalError) (2003, "Can't connect to MySQL server on '10.11.104.247' (timed out)")
(Background on this error at: https://sqlalche.me/e/20/e3q8)，將使用 CSV fallback
2026-05-21 19:54:25 | INFO | 📄 [filters] 使用 CSV fallback
2026-05-21 19:54:32 | INFO | 📄 [filters] 使用 CSV fallback
2026-05-21 19:54:32 | INFO | 📥 收到 /api/timeline-data 請求
2026-05-21 19:54:32 | INFO | 📄 [timeline] 使用 CSV fallback
2026-05-21 19:54:32 | INFO | 📊 [CSV] 總筆數：88,756
2026-05-21 19:54:32 | INFO | 🕐 時間範圍：2026-05-20 19:54:32.494085 ~ 2026-05-21 19:54:32.494309  （來源：CSV）
2026-05-21 19:54:32 | INFO | ✅ 回傳 102 筆區間資料（來源：CSV）
2026-05-21 19:55:14 | INFO | 📥 收到 /api/timeline-data 請求
2026-05-21 19:55:14 | INFO | 📄 [timeline] 使用 CSV fallback
2026-05-21 19:55:14 | INFO | 📊 [CSV] 總筆數：88,756
2026-05-21 19:55:14 | INFO | 🕐 時間範圍：2026-05-20 19:55:14.983090 ~ 2026-05-21 19:55:14.983186  （來源：CSV）
2026-05-21 19:55:14 | INFO | ✅ 回傳 0 筆區間資料（來源：CSV）
2026-05-21 19:55:17 | INFO | 📥 收到 /api/timeline-data 請求
2026-05-21 19:55:17 | INFO | 📄 [timeline] 使用 CSV fallback
2026-05-21 19:55:17 | INFO | 📊 [CSV] 總筆數：88,756
2026-05-21 19:55:17 | INFO | 🕐 時間範圍：2026-05-20 19:55:17.425476 ~ 2026-05-21 19:55:17.425657  （來源：CSV）
2026-05-21 19:55:17 | INFO | ✅ 回傳 100 筆區間資料（來源：CSV）
2026-05-21 19:55:19 | INFO | 📥 收到 /api/timeline-data 請求
2026-05-21 19:55:19 | INFO | 📄 [timeline] 使用 CSV fallback
2026-05-21 19:55:19 | INFO | 📊 [CSV] 總筆數：88,756
2026-05-21 19:55:19 | INFO | 🕐 時間範圍：2026-05-20 19:55:19.188467 ~ 2026-05-21 19:55:19.188650  （來源：CSV）
2026-05-21 19:55:19 | INFO | ✅ 回傳 102 筆區間資料（來源：CSV）
2026-05-21 19:55:20 | INFO | 📥 收到 /api/timeline-data 請求
2026-05-21 19:55:25 | WARNING | ⚠️ MySQL 無法連線：(pymysql.err.OperationalError) (2003, "Can't connect to MySQL server on '10.11.104.247' (timed out)")
(Background on this error at: https://sqlalche.me/e/20/e3q8)，將使用 CSV fallback
2026-05-21 19:55:25 | INFO | 📄 [timeline] 使用 CSV fallback
2026-05-21 19:55:25 | INFO | 📊 [CSV] 總筆數：88,756
2026-05-21 19:55:25 | INFO | 🕐 時間範圍：2026-05-20 19:55:25.835392 ~ 2026-05-21 19:55:25.835794  （來源：CSV）
2026-05-21 19:55:25 | INFO | ✅ 回傳 0 筆區間資料（來源：CSV）
2026-05-21 19:55:51 | INFO | 📥 收到 /api/timeline-data 請求
2026-05-21 19:55:51 | INFO | 📄 [timeline] 使用 CSV fallback
2026-05-21 19:55:51 | INFO | 📊 [CSV] 總筆數：88,756
2026-05-21 19:55:51 | INFO | 🕐 時間範圍：2026-05-20 19:55:51.608051 ~ 2026-05-21 19:55:51.608436  （來源：CSV）
2026-05-21 19:55:51 | INFO | ✅ 回傳 100 筆區間資料（來源：CSV）
2026-05-21 19:55:53 | INFO | 📥 收到 /api/timeline-data 請求
2026-05-21 19:55:53 | INFO | 📄 [timeline] 使用 CSV fallback
2026-05-21 19:55:53 | INFO | 📊 [CSV] 總筆數：88,756
2026-05-21 19:55:53 | INFO | 🕐 時間範圍：2026-05-20 19:55:53.320184 ~ 2026-05-21 19:55:53.320432  （來源：CSV）
2026-05-21 19:55:53 | INFO | ✅ 回傳 100 筆區間資料（來源：CSV）
2026-05-21 19:55:55 | INFO | 📥 收到 /api/timeline-data 請求
2026-05-21 19:55:55 | INFO | 📄 [timeline] 使用 CSV fallback
2026-05-21 19:55:55 | INFO | 📊 [CSV] 總筆數：88,756
2026-05-21 19:55:55 | INFO | 🕐 時間範圍：2026-05-20 19:55:55.169282 ~ 2026-05-21 19:55:55.169444  （來源：CSV）
2026-05-21 19:55:55 | INFO | ✅ 回傳 241 筆區間資料（來源：CSV）
2026-05-21 19:55:56 | INFO | 📥 收到 /api/timeline-data 請求
2026-05-21 19:55:56 | INFO | 📄 [timeline] 使用 CSV fallback
2026-05-21 19:55:56 | INFO | 📊 [CSV] 總筆數：88,756
2026-05-21 19:55:56 | INFO | 🕐 時間範圍：2026-05-20 19:55:56.821996 ~ 2026-05-21 19:55:56.822179  （來源：CSV）
2026-05-21 19:55:56 | INFO | ✅ 回傳 100 筆區間資料（來源：CSV）
2026-05-21 19:55:58 | INFO | 📥 收到 /api/timeline-data 請求
2026-05-21 19:55:58 | INFO | 📄 [timeline] 使用 CSV fallback
2026-05-21 19:55:58 | INFO | 📊 [CSV] 總筆數：88,756
2026-05-21 19:55:58 | INFO | 🕐 時間範圍：2026-05-20 19:55:58.432844 ~ 2026-05-21 19:55:58.433080  （來源：CSV）
2026-05-21 19:55:58 | INFO | ✅ 回傳 100 筆區間資料（來源：CSV）
2026-05-21 19:56:02 | INFO | 📥 收到 /api/timeline-data 請求
2026-05-21 19:56:02 | INFO | 📄 [timeline] 使用 CSV fallback
2026-05-21 19:56:02 | INFO | 📊 [CSV] 總筆數：88,756
2026-05-21 19:56:02 | INFO | 🕐 時間範圍：2026-05-20 19:56:02.288475 ~ 2026-05-21 19:56:02.288634  （來源：CSV）
2026-05-21 19:56:02 | INFO | ✅ 回傳 102 筆區間資料（來源：CSV）
2026-05-21 19:56:04 | INFO | 📥 收到 /api/timeline-data 請求
2026-05-21 19:56:04 | INFO | 📄 [timeline] 使用 CSV fallback
2026-05-21 19:56:04 | INFO | 📊 [CSV] 總筆數：88,756
2026-05-21 19:56:04 | INFO | 🕐 時間範圍：2026-05-20 19:56:04.028102 ~ 2026-05-21 19:56:04.028282  （來源：CSV）
2026-05-21 19:56:04 | INFO | ✅ 回傳 241 筆區間資料（來源：CSV）
2026-05-21 19:56:05 | INFO | 📥 收到 /api/timeline-data 請求
2026-05-21 19:56:05 | INFO | 📄 [timeline] 使用 CSV fallback
2026-05-21 19:56:05 | INFO | 📊 [CSV] 總筆數：88,756
2026-05-21 19:56:05 | INFO | 🕐 時間範圍：2026-05-20 19:56:05.769128 ~ 2026-05-21 19:56:05.769289  （來源：CSV）
2026-05-21 19:56:05 | INFO | ✅ 回傳 126 筆區間資料（來源：CSV）
2026-05-21 19:56:07 | INFO | 📥 收到 /api/timeline-data 請求
2026-05-21 19:56:07 | INFO | 📄 [timeline] 使用 CSV fallback
2026-05-21 19:56:07 | INFO | 📊 [CSV] 總筆數：88,756
2026-05-21 19:56:07 | INFO | 🕐 時間範圍：2026-05-20 19:56:07.377081 ~ 2026-05-21 19:56:07.377237  （來源：CSV）
2026-05-21 19:56:07 | INFO | ✅ 回傳 24 筆區間資料（來源：CSV）
2026-05-21 19:56:13 | INFO | 📥 收到 /api/timeline-data 請求
2026-05-21 19:56:13 | INFO | 📄 [timeline] 使用 CSV fallback
2026-05-21 19:56:13 | INFO | 📊 [CSV] 總筆數：88,756
2026-05-21 19:56:14 | INFO | 🕐 時間範圍：2026-05-20 19:56:14.054560 ~ 2026-05-21 19:56:14.054773  （來源：CSV）
2026-05-21 19:56:14 | INFO | ✅ 回傳 102 筆區間資料（來源：CSV）
2026-05-21 19:56:17 | INFO | 📥 收到 /api/timeline-data 請求
2026-05-21 19:56:17 | INFO | 📄 [timeline] 使用 CSV fallback
2026-05-21 19:56:17 | INFO | 📊 [CSV] 總筆數：88,756
2026-05-21 19:56:17 | INFO | 🕐 時間範圍：2026-05-20 19:56:17.666017 ~ 2026-05-21 19:56:17.666251  （來源：CSV）
2026-05-21 19:56:17 | INFO | ✅ 回傳 0 筆區間資料（來源：CSV）
2026-05-21 19:56:19 | INFO | 📥 收到 /api/timeline-data 請求
2026-05-21 19:56:19 | INFO | 📄 [timeline] 使用 CSV fallback
2026-05-21 19:56:19 | INFO | 📊 [CSV] 總筆數：88,756
2026-05-21 19:56:19 | INFO | 🕐 時間範圍：2026-05-20 19:56:19.382908 ~ 2026-05-21 19:56:19.383067  （來源：CSV）
2026-05-21 19:56:19 | INFO | ✅ 回傳 15 筆區間資料（來源：CSV）
2026-05-21 20:03:03 | WARNING | ⚠️ MySQL 無法連線：(pymysql.err.OperationalError) (2003, "Can't connect to MySQL server on '10.11.104.247' (timed out)")
(Background on this error at: https://sqlalche.me/e/20/e3q8)，將使用 CSV fallback
2026-05-21 20:03:03 | INFO | 📄 [filters] 使用 CSV fallback
2026-05-21 20:03:03 | INFO | 📥 收到 /api/timeline-data 請求
2026-05-21 20:03:03 | INFO | 📄 [timeline] 使用 CSV fallback
2026-05-21 20:03:03 | INFO | 📊 [CSV] 總筆數：88,756
2026-05-21 20:03:03 | INFO | 🕐 時間範圍：2026-05-20 20:03:03.364894 ~ 2026-05-21 20:03:03.365082  （來源：CSV）
2026-05-21 20:03:03 | INFO | ✅ 回傳 15 筆區間資料（來源：CSV）
2026-05-21 20:03:15 | INFO | 📥 收到 /api/timeline-data 請求
2026-05-21 20:03:15 | INFO | 📄 [timeline] 使用 CSV fallback
2026-05-21 20:03:15 | INFO | 📊 [CSV] 總筆數：88,756
2026-05-21 20:03:15 | INFO | 🕐 時間範圍：2026-05-20 20:03:15.695473 ~ 2026-05-21 20:03:15.695678  （來源：CSV）
2026-05-21 20:03:15 | INFO | ✅ 回傳 0 筆區間資料（來源：CSV）
2026-05-21 20:04:31 | INFO | 📥 收到 /api/timeline-data 請求
2026-05-21 20:04:36 | WARNING | ⚠️ MySQL 無法連線：(pymysql.err.OperationalError) (2003, "Can't connect to MySQL server on '10.11.104.247' (timed out)")
(Background on this error at: https://sqlalche.me/e/20/e3q8)，將使用 CSV fallback
2026-05-21 20:04:36 | INFO | 📄 [timeline] 使用 CSV fallback
2026-05-21 20:04:36 | INFO | 📊 [CSV] 總筆數：88,756
2026-05-21 20:04:36 | INFO | 🕐 時間範圍：2026-05-20 20:04:36.599599 ~ 2026-05-21 20:04:36.599758  （來源：CSV）
2026-05-21 20:04:36 | INFO | ✅ 回傳 100 筆區間資料（來源：CSV）
2026-05-21 20:11:44 | INFO | 🔥 預熱中（測試 DB 連線 + 預載 CSV）...
2026-05-21 20:11:49 | WARNING | ⚠️ MySQL 無法連線：(pymysql.err.OperationalError) (2003, "Can't connect to MySQL server on '10.11.104.247' (timed out)")
(Background on this error at: https://sqlalche.me/e/20/e3q8)，將使用 CSV fallback
2026-05-21 20:11:49 | INFO | 📄 [filters] 使用 CSV fallback
2026-05-21 20:11:49 | INFO | 📂 重新載入 CSV（首次）
2026-05-21 20:11:49 | INFO | ✅ CSV 快取完成，共 88,756 筆
2026-05-21 20:11:49 | INFO | 📥 收到 /api/timeline-data 請求
2026-05-21 20:11:49 | INFO | 🕐 條件：building='K21' floor='8F' 2026-05-20 20:11:49.907191 ~ 2026-05-21 20:11:49.907536
2026-05-21 20:11:49 | INFO | 📄 使用 CSV fallback
2026-05-21 20:11:50 | INFO | 📄 CSV 過濾後剩 88 筆
2026-05-21 20:11:50 | INFO | ✅ 回傳 88 筆區間資料（來源：CSV）
2026-05-21 20:12:01 | INFO | 📥 收到 /api/timeline-data 請求
2026-05-21 20:12:01 | INFO | 🕐 條件：building='K21' floor='8F' 2026-05-14 20:12:01.018457 ~ 2026-05-21 20:12:01.018607
2026-05-21 20:12:01 | INFO | 📄 使用 CSV fallback
2026-05-21 20:12:01 | INFO | 📄 CSV 過濾後剩 1,030 筆
2026-05-21 20:12:01 | INFO | ✅ 回傳 1,030 筆區間資料（來源：CSV）
2026-05-21 20:12:20 | INFO | 📥 收到 /api/timeline-data 請求
2026-05-21 20:12:20 | INFO | 🕐 條件：building='K11' floor='' 2026-05-14 20:12:20.402610 ~ 2026-05-21 20:12:20.402808
2026-05-21 20:12:20 | INFO | 📄 使用 CSV fallback
2026-05-21 20:12:20 | INFO | 📄 CSV 過濾後剩 18 筆
2026-05-21 20:12:20 | INFO | ✅ 回傳 18 筆區間資料（來源：CSV）
2026-05-21 20:17:09 | WARNING | ⚠️ MySQL 無法連線：(pymysql.err.OperationalError) (2003, "Can't connect to MySQL server on '10.11.104.247' (timed out)")
(Background on this error at: https://sqlalche.me/e/20/e3q8)，將使用 CSV fallback
2026-05-21 20:17:09 | INFO | 📄 [filters] 使用 CSV fallback
2026-05-21 20:17:09 | INFO | 📥 收到 /api/timeline-data 請求
2026-05-21 20:17:09 | INFO | 🕐 條件：building='K11' floor='8F' 2026-05-14 20:17:09.734411 ~ 2026-05-21 20:17:09.734586
2026-05-21 20:17:09 | INFO | 📄 使用 CSV fallback
2026-05-21 20:17:09 | INFO | 📄 CSV 過濾後剩 0 筆
2026-05-21 20:17:09 | WARNING | ⚠️ 查無資料（K11/8F，2026-05-14 20:17:09.734411 ~ 2026-05-21 20:17:09.734586）
2026-05-21 20:18:45 | INFO | 📥 收到 /api/timeline-data 請求
2026-05-21 20:18:45 | INFO | 🕐 條件：building='K11' floor='5F' 2026-05-14 20:18:45.574844 ~ 2026-05-21 20:18:45.574993
2026-05-21 20:18:50 | WARNING | ⚠️ MySQL 無法連線：(pymysql.err.OperationalError) (2003, "Can't connect to MySQL server on '10.11.104.247' (timed out)")
(Background on this error at: https://sqlalche.me/e/20/e3q8)，將使用 CSV fallback
2026-05-21 20:18:50 | INFO | 📄 使用 CSV fallback
2026-05-21 20:18:50 | INFO | 📄 CSV 過濾後剩 18 筆
2026-05-21 20:18:50 | INFO | ✅ 回傳 18 筆區間資料（來源：CSV）
2026-05-21 20:27:43 | WARNING | ⚠️ MySQL 無法連線：(pymysql.err.OperationalError) (2003, "Can't connect to MySQL server on '10.11.104.247' (timed out)")
(Background on this error at: https://sqlalche.me/e/20/e3q8)，將使用 CSV fallback
2026-05-21 20:27:43 | INFO | 📄 [filters] 使用 CSV fallback
2026-05-21 20:27:43 | INFO | 📥 收到 /api/timeline-data 請求
2026-05-21 20:27:43 | INFO | 🕐 條件：building='K11' floor='5F' 2026-05-14 20:27:43.198465 ~ 2026-05-21 20:27:43.198649
2026-05-21 20:27:43 | INFO | 📄 使用 CSV fallback
2026-05-21 20:27:43 | INFO | 📄 CSV 過濾後剩 18 筆
2026-05-21 20:27:43 | INFO | ✅ 回傳 18 筆區間資料（來源：CSV）
2026-05-21 20:28:17 | INFO | 📥 收到 /api/timeline-data 請求
2026-05-21 20:28:17 | INFO | 🕐 條件：building='K21' floor='' 2026-05-14 20:28:17.247972 ~ 2026-05-21 20:28:17.248161
2026-05-21 20:28:17 | INFO | 📄 使用 CSV fallback
2026-05-21 20:28:17 | INFO | 📄 CSV 過濾後剩 1,029 筆
2026-05-21 20:28:17 | INFO | ✅ 回傳 1,029 筆區間資料（來源：CSV）
2026-05-21 20:28:24 | INFO | 📥 收到 /api/timeline-data 請求
2026-05-21 20:28:24 | INFO | 🕐 條件：building='K21' floor='' 2026-05-20 20:28:24.283750 ~ 2026-05-21 20:28:24.283909
2026-05-21 20:28:24 | INFO | 📄 使用 CSV fallback
2026-05-21 20:28:24 | INFO | 📄 CSV 過濾後剩 88 筆
2026-05-21 20:28:24 | INFO | ✅ 回傳 88 筆區間資料（來源：CSV）
2026-05-21 20:33:27 | INFO | 🔥 預熱...
2026-05-21 20:33:30 | INFO | 📂 載入 CSV（首次）
2026-05-21 20:33:30 | INFO | ✅ CSV 快取：88,756 筆
2026-05-21 20:33:30 | INFO | 📥 /api/timeline-data
2026-05-21 20:33:30 | INFO | 🕐 K21/8F  2026-05-20 20:33:30.393857 ~ 2026-05-21 20:33:30.394194
2026-05-21 20:33:32 | WARNING | ⚠️ MySQL 無法連線：(pymysql.err.OperationalError) (2003, "Can't connect to MySQL server on '10.11.104.247' (timed out)")
(Background on this error at: https://sqlalche.me/e/20/e3q8)，使用 CSV fallback
2026-05-21 20:33:32 | INFO | 📄 CSV fallback K21/8F
2026-05-21 20:33:32 | INFO | 📄 CSV 過濾後：36,815 筆
2026-05-21 20:33:32 | INFO | ✅ 回傳 98 筆（來源：CSV）
2026-05-21 20:33:35 | INFO | 📥 /api/timeline-data
2026-05-21 20:33:35 | INFO | 🕐 K21/8F  2026-05-14 20:33:35.820887 ~ 2026-05-21 20:33:35.821052
2026-05-21 20:33:35 | INFO | 📄 CSV fallback K21/8F
2026-05-21 20:33:35 | INFO | 📄 CSV 過濾後：36,815 筆
2026-05-21 20:33:36 | INFO | ✅ 回傳 1,038 筆（來源：CSV）
2026-05-21 20:33:38 | INFO | 📥 /api/timeline-data
2026-05-21 20:33:38 | INFO | 🕐 K21/8F  2026-04-21 20:33:38.115927 ~ 2026-05-21 20:33:38.116074
2026-05-21 20:33:38 | INFO | 📄 CSV fallback K21/8F
2026-05-21 20:33:38 | INFO | 📄 CSV 過濾後：36,815 筆
2026-05-21 20:33:39 | INFO | ✅ 回傳 6,701 筆（來源：CSV）
2026-05-21 20:33:57 | INFO | 📥 /api/timeline-data
2026-05-21 20:33:57 | INFO | 🕐 K21/8F  2026-05-20 20:33:57.123663 ~ 2026-05-21 20:33:57.123824
2026-05-21 20:33:57 | INFO | 📄 CSV fallback K21/8F
2026-05-21 20:33:57 | INFO | 📄 CSV 過濾後：36,815 筆
2026-05-21 20:33:57 | INFO | ✅ 回傳 98 筆（來源：CSV）
2026-05-21 20:33:58 | INFO | 📥 /api/timeline-data
2026-05-21 20:33:58 | INFO | 🕐 K21/8F  2026-05-20 20:33:58.759743 ~ 2026-05-21 20:33:58.759930
2026-05-21 20:33:58 | INFO | 📄 CSV fallback K21/8F
2026-05-21 20:33:58 | INFO | 📄 CSV 過濾後：36,815 筆
2026-05-21 20:33:59 | INFO | ✅ 回傳 98 筆（來源：CSV）
2026-05-21 20:34:10 | INFO | 📥 /api/timeline-data
2026-05-21 20:34:10 | INFO | 🕐 K11/  2026-05-20 20:34:10.067023 ~ 2026-05-21 20:34:10.067238
2026-05-21 20:34:10 | INFO | 📄 CSV fallback K11/
2026-05-21 20:34:10 | INFO | 📄 CSV 過濾後：1,699 筆
2026-05-21 20:34:10 | INFO | ✅ 回傳 15 筆（來源：CSV）
2026-05-21 20:34:12 | INFO | 📥 /api/timeline-data
2026-05-21 20:34:12 | INFO | 🕐 K11/5F  2026-05-20 20:34:12.912187 ~ 2026-05-21 20:34:12.912399
2026-05-21 20:34:12 | INFO | 📄 CSV fallback K11/5F
2026-05-21 20:34:12 | INFO | 📄 CSV 過濾後：1,699 筆
2026-05-21 20:34:13 | INFO | ✅ 回傳 15 筆（來源：CSV）
2026-05-21 20:34:18 | INFO | 📥 /api/timeline-data
2026-05-21 20:34:18 | INFO | 🕐 K22/  2026-05-20 20:34:18.102176 ~ 2026-05-21 20:34:18.102330
2026-05-21 20:34:18 | INFO | 📄 CSV fallback K22/
2026-05-21 20:34:18 | INFO | 📄 CSV 過濾後：50,242 筆
2026-05-21 20:34:18 | INFO | ✅ 回傳 124 筆（來源：CSV）
2026-05-21 20:34:27 | INFO | 📥 /api/timeline-data
2026-05-21 20:34:27 | INFO | 🕐 /  2026-05-20 20:34:27.114048 ~ 2026-05-21 20:34:27.114249
2026-05-21 20:34:27 | INFO | 📄 CSV fallback /
2026-05-21 20:34:27 | INFO | 📄 CSV 過濾後：88,756 筆
2026-05-21 20:34:27 | INFO | ✅ 回傳 237 筆（來源：CSV）
2026-05-21 20:34:52 | INFO | 📥 /api/timeline-data
2026-05-21 20:34:52 | INFO | 🕐 K11/  2026-05-20 20:34:52.818143 ~ 2026-05-21 20:34:52.818295
2026-05-21 20:34:57 | WARNING | ⚠️ MySQL 無法連線：(pymysql.err.OperationalError) (2003, "Can't connect to MySQL server on '10.11.104.247' (timed out)")
(Background on this error at: https://sqlalche.me/e/20/e3q8)，使用 CSV fallback
2026-05-21 20:34:57 | INFO | 📄 CSV fallback K11/
2026-05-21 20:34:57 | INFO | 📄 CSV 過濾後：1,699 筆
2026-05-21 20:34:57 | INFO | ✅ 回傳 15 筆（來源：CSV）
2026-05-21 20:36:50 | INFO | 📥 /api/timeline-data
2026-05-21 20:36:50 | INFO | 🕐 K11/5F  2026-05-20 20:36:50.512819 ~ 2026-05-21 20:36:50.512971
2026-05-21 20:36:55 | WARNING | ⚠️ MySQL 無法連線：(pymysql.err.OperationalError) (2003, "Can't connect to MySQL server on '10.11.104.247' (timed out)")
(Background on this error at: https://sqlalche.me/e/20/e3q8)，使用 CSV fallback
2026-05-21 20:36:55 | INFO | 📄 CSV fallback K11/5F
2026-05-21 20:36:55 | INFO | 📄 CSV 過濾後：1,699 筆
2026-05-21 20:36:55 | INFO | ✅ 回傳 15 筆（來源：CSV）
2026-05-21 20:36:58 | INFO | 📥 /api/timeline-data
2026-05-21 20:36:58 | INFO | 🕐 K21/  2026-05-20 20:36:58.854615 ~ 2026-05-21 20:36:58.854832
2026-05-21 20:36:58 | INFO | 📄 CSV fallback K21/
2026-05-21 20:36:58 | INFO | 📄 CSV 過濾後：36,815 筆
2026-05-21 20:36:59 | INFO | ✅ 回傳 96 筆（來源：CSV）
2026-05-21 20:37:00 | INFO | 📥 /api/timeline-data
2026-05-21 20:37:00 | INFO | 🕐 K22/  2026-05-20 20:37:00.715723 ~ 2026-05-21 20:37:00.715882
2026-05-21 20:37:00 | INFO | 📄 CSV fallback K22/
2026-05-21 20:37:00 | INFO | 📄 CSV 過濾後：50,242 筆
2026-05-21 20:37:01 | INFO | ✅ 回傳 124 筆（來源：CSV）
2026-05-21 20:37:06 | INFO | 📥 /api/timeline-data
2026-05-21 20:37:06 | INFO | 🕐 K22/  2026-04-21 20:37:06.546838 ~ 2026-05-21 20:37:06.546984
2026-05-21 20:37:06 | INFO | 📄 CSV fallback K22/
2026-05-21 20:37:06 | INFO | 📄 CSV 過濾後：50,242 筆
2026-05-21 20:37:07 | INFO | ✅ 回傳 3,722 筆（來源：CSV）
2026-05-21 20:37:21 | INFO | 📥 /api/timeline-data
2026-05-21 20:37:21 | INFO | 🕐 K11/  2026-04-21 20:37:21.865804 ~ 2026-05-21 20:37:21.865948
2026-05-21 20:37:21 | INFO | 📄 CSV fallback K11/
2026-05-21 20:37:21 | INFO | 📄 CSV 過濾後：1,699 筆
2026-05-21 20:37:22 | INFO | ✅ 回傳 475 筆（來源：CSV）
2026-05-21 20:39:32 | INFO | 📥 /api/timeline-data
2026-05-21 20:39:32 | INFO | 🕐 K11/  2026-05-20 20:39:32.678943 ~ 2026-05-21 20:39:32.679158
2026-05-21 20:39:37 | WARNING | ⚠️ MySQL 無法連線：(pymysql.err.OperationalError) (2003, "Can't connect to MySQL server on '10.11.104.247' (timed out)")
(Background on this error at: https://sqlalche.me/e/20/e3q8)，使用 CSV fallback
2026-05-21 20:39:37 | INFO | 📄 CSV fallback K11/
2026-05-21 20:39:37 | INFO | 📄 CSV 過濾後：1,699 筆
2026-05-21 20:39:37 | INFO | ✅ 回傳 15 筆（來源：CSV）
